cargo :     Checking cfg-if v1.0.4
At line:1 char:224
+ ... ject { $_.Line }; cargo clippy --workspace --all-targets 2>&1 | Out-F ...
+                       ~~~~~~~~~~~~~~~~~~~~~~~~~~~~~~~~~~~~~~~~~~~
    + CategoryInfo          : NotSpecified: (    Checking cfg-if v1.0.4:String 
   ) [], RemoteException
    + FullyQualifiedErrorId : NativeCommandError
 
    Checking const-oid v0.9.6
    Checking base64ct v1.8.3
    Checking typenum v1.20.1
    Checking subtle v2.6.1
    Checking zeroize v1.9.0
    Checking zerocopy v0.8.56
    Checking libm v0.2.16
    Checking smallvec v1.15.2
    Checking once_cell v1.21.4
    Checking serde_core v1.0.229
    Checking memchr v2.8.3
    Checking getrandom v0.2.17
    Checking spin v0.9.9
    Checking forgotten-core v7.4.44 (C:\Users\Acer\Desktop\Forgotten Engine\rep
o\crates\forgotten-core)
    Checking libsqlite3-sys v0.28.0
    Checking bitflags v2.13.1
   Compiling mlua-sys v0.6.8
    Checking rand_core v0.6.4
    Checking lazy_static v1.5.0
    Checking pem-rfc7468 v0.7.0
    Checking cpufeatures v0.2.17
    Checking fallible-iterator v0.3.0
    Checking password-hash v0.5.0
    Checking fallible-streaming-iterator v0.1.9
    Checking rustc-hash v2.1.3
    Checking windows-link v0.2.1
    Checking der v0.7.10
    Checking windows-sys v0.61.2
    Checking quick-xml v0.41.0
    Checking bstr v1.13.1
    Checking generic-array v0.14.7
    Checking block-buffer v0.10.4
    Checking crypto-common v0.1.7
    Checking ctrlc v3.5.2
    Checking digest v0.10.7
    Checking spki v0.7.3
    Checking signature v2.2.0
    Checking blake2 v0.10.6
    Checking serde v1.0.229
    Checking pkcs8 v0.10.2
    Checking argon2 v0.5.3
    Checking num-traits v0.2.19
    Checking pkcs1 v0.7.5
    Checking num-integer v0.1.47
    Checking num-iter v0.1.46
    Checking ppv-lite86 v0.2.21
    Checking ahash v0.8.12
    Checking hashbrown v0.14.5
    Checking rand_chacha v0.3.1
    Checking rand v0.8.7
    Checking hashlink v0.9.1
    Checking rusqlite v0.31.0
    Checking num-bigint-dig v0.8.6
    Checking forgotten-persistence v7.4.44 (C:\Users\Acer\Desktop\Forgotten Eng
ine\repo\crates\forgotten-persistence)
    Checking rsa v0.9.10
warning: match expression looks like `matches!` macro
    --> crates\forgotten-persistence\src\lib.rs:4564:24
     |
4564 |           let promoted = match promoted_raw {
     |  ________________________^
4565 | |             0 => false,
4566 | |             _ => true,
4567 | |         };
     | |_________^
     |
     = help: for further information visit https://rust-lang.github.io/rust-cli
ppy/rust-1.97.0/index.html#match_like_matches_macro
     = note: `#[warn(clippy::match_like_matches_macro)]` on by default
help: use `matches!` directly
     |
4564 -         let promoted = match promoted_raw {
4565 -             0 => false,
4566 -             _ => true,
4567 -         };
4564 +         let promoted = !matches!(promoted_raw, 0);
     |

warning: `forgotten-persistence` (lib) generated 1 warning
    Checking forgotten-protocol v7.4.44 (C:\Users\Acer\Desktop\Forgotten Engine
\repo\crates\forgotten-protocol)
    Checking mlua v0.9.9
warning: `forgotten-persistence` (lib test) generated 1 warning (1 duplicate)
warning: found call to `str::trim` before `str::split_whitespace`
   --> crates\forgotten-protocol\src\lib.rs:251:25
    |
251 |             return rest.trim().split_whitespace().next()?.parse().ok();
    |                         ^^^^^^^ help: remove `trim()`
    |
    = help: for further information visit https://rust-lang.github.io/rust-clip
py/rust-1.97.0/index.html#trim_split_whitespace
    = note: `#[warn(clippy::trim_split_whitespace)]` on by default

warning: `forgotten-protocol` (lib) generated 1 warning (run `cargo clippy --fi
x --lib -p forgotten-protocol -- ` to apply 1 suggestion)
    Checking forgotten-config v7.4.44 (C:\Users\Acer\Desktop\Forgotten Engine\r
epo\crates\forgotten-config)
warning: `forgotten-protocol` (lib test) generated 1 warning (1 duplicate)
warning: use of deprecated method `quick_xml::events::attributes::Attribute::<'
a>::unescape_value`: use `Self::normalized_value()`
   --> crates\forgotten-config\src\consumables.rs:147:18
    |
147 |                 .unescape_value()
    |                  ^^^^^^^^^^^^^^
    |
    = note: `#[warn(deprecated)]` on by default

warning: use of deprecated method `quick_xml::events::attributes::Attribute::<'
a>::unescape_value`: use `Self::normalized_value()`
   --> crates\forgotten-config\src\consumables.rs:175:10
    |
175 |         .unescape_value()
    |          ^^^^^^^^^^^^^^

warning: use of deprecated method `quick_xml::events::attributes::Attribute::<'
a>::unescape_value`: use `Self::normalized_value()`
   --> crates\forgotten-config\src\quests.rs:185:10
    |
185 |         .unescape_value()
    |          ^^^^^^^^^^^^^^

warning: use of deprecated method `quick_xml::events::attributes::Attribute::<'
a>::unescape_value`: use `Self::normalized_value()`
   --> crates\forgotten-config\src\quests.rs:188:10
    |
188 |         .unescape_value()
    |          ^^^^^^^^^^^^^^

warning: use of deprecated method `quick_xml::events::attributes::Attribute::<'
a>::unescape_value`: use `Self::normalized_value()`
   --> crates\forgotten-config\src\quests.rs:214:22
    |
214 |                     .unescape_value()
    |                      ^^^^^^^^^^^^^^

warning: use of deprecated method `quick_xml::events::attributes::Attribute::<'
a>::unescape_value`: use `Self::normalized_value()`
   --> crates\forgotten-config\src\quests.rs:225:22
    |
225 |                     .unescape_value()
    |                      ^^^^^^^^^^^^^^

warning: use of deprecated method `quick_xml::events::attributes::Attribute::<'
a>::unescape_value`: use `Self::normalized_value()`
   --> crates\forgotten-config\src\shops.rs:170:10
    |
170 |         .unescape_value()
    |          ^^^^^^^^^^^^^^

warning: use of deprecated method `quick_xml::events::attributes::Attribute::<'
a>::unescape_value`: use `Self::normalized_value()`
   --> crates\forgotten-config\src\shops.rs:190:22
    |
190 |                     .unescape_value()
    |                      ^^^^^^^^^^^^^^

warning: use of deprecated method `quick_xml::events::attributes::Attribute::<'
a>::unescape_value`: use `Self::normalized_value()`
   --> crates\forgotten-config\src\shops.rs:200:22
    |
200 |                     .unescape_value()
    |                      ^^^^^^^^^^^^^^

warning: use of deprecated method `quick_xml::events::attributes::Attribute::<'
a>::unescape_value`: use `Self::normalized_value()`
   --> crates\forgotten-config\src\shops.rs:210:22
    |
210 |                     .unescape_value()
    |                      ^^^^^^^^^^^^^^

warning: `forgotten-config` (lib) generated 10 warnings
    Checking forgotten-host v7.4.44 (C:\Users\Acer\Desktop\Forgotten Engine\rep
o\crates\forgotten-host)
    Checking forgotten-scripting v7.4.44 (C:\Users\Acer\Desktop\Forgotten Engin
e\repo\crates\forgotten-scripting)
warning: `forgotten-config` (lib test) generated 10 warnings (10 duplicates)
warning: useless conversion to the same type: `u16`
    --> crates\forgotten-host\src\lib.rs:1718:66
     |
1718 |         let item = ItemInstance::new(NATIVE_CURRENCY_COINS[0].0, u16::fr
om(*chunk))
     |                                                                  ^^^^^^^
^^^^^^^^^^ help: consider removing `u16::from()`: `(*chunk)`
     |
     = help: for further information visit https://rust-lang.github.io/rust-cli
ppy/rust-1.97.0/index.html#useless_conversion
     = note: `#[warn(clippy::useless_conversion)]` on by default

warning: this function has too many arguments (8/7)
    --> crates\forgotten-host\src\lib.rs:2398:5
     |
2398 | /     pub fn move_player_stack_to_ground(
2399 | |         &self,
2400 | |         shared_world: &SharedNativeWorld,
2401 | |         database: &mut EngineDatabase,
...    |
2406 | |         item_weight_by_server_id: Option<&BTreeMap<u16, u32>>,
2407 | |     ) -> Result<Option<forgotten_core::PlayerGroundDropOutcome>, HostE
rror> {
     | |_______________________________________________________________________
____^
     |
     = help: for further information visit https://rust-lang.github.io/rust-cli
ppy/rust-1.97.0/index.html#too_many_arguments
     = note: `#[warn(clippy::too_many_arguments)]` on by default

warning: very complex type used. Consider factoring parts into `type` definitio
ns
    --> crates\forgotten-host\src\lib.rs:8997:44
     |
8997 |                       let consumable_target: Option<(
     |  ____________________________________________^
8998 | |                         u16,
8999 | |                         Option<EquipmentSlot>,
9000 | |                         Option<(u8, usize)>,
9001 | |                     )> = if position.x == 0xffff && position.y & 0x40 
== 0 {
     | |______________________^
     |
     = help: for further information visit https://rust-lang.github.io/rust-cli
ppy/rust-1.97.0/index.html#type_complexity
     = note: `#[warn(clippy::type_complexity)]` on by default

warning: `vitals
                                     .health
                                     .saturating_add(heal)
                                     .min(vitals.max_health)` is never greater 
than `u16::MAX` and has therefore no effect
    --> crates\forgotten-host\src\lib.rs:9033:41
     |
9033 |                           vitals.health = vitals
     |  _________________________________________^
9034 | |                             .health
9035 | |                             .saturating_add(heal)
9036 | |                             .min(vitals.max_health)
9037 | |                             .min(u16::MAX);
     | |__________________________________________^
     |
     = help: for further information visit https://rust-lang.github.io/rust-cli
ppy/rust-1.97.0/index.html#unnecessary_min_or_max
     = note: `#[warn(clippy::unnecessary_min_or_max)]` on by default
help: try
     |
9033 ~                         vitals.health = vitals
9034 +                             .health
9035 +                             .saturating_add(heal)
9036 ~                             .min(vitals.max_health);
     |

warning: `vitals
                                     .mana
                                     .saturating_add(mana_restore)
                                     .min(vitals.max_mana)` is never greater th
an `u16::MAX` and has therefore no effect
    --> crates\forgotten-host\src\lib.rs:9040:39
     |
9040 |                           vitals.mana = vitals
     |  _______________________________________^
9041 | |                             .mana
9042 | |                             .saturating_add(mana_restore)
9043 | |                             .min(vitals.max_mana)
9044 | |                             .min(u16::MAX);
     | |__________________________________________^
     |
     = help: for further information visit https://rust-lang.github.io/rust-cli
ppy/rust-1.97.0/index.html#unnecessary_min_or_max
help: try
     |
9040 ~                         vitals.mana = vitals
9041 +                             .mana
9042 +                             .saturating_add(mana_restore)
9043 ~                             .min(vitals.max_mana);
     |

warning: useless conversion to the same type: `u64`
    --> crates\forgotten-host\src\lib.rs:9063:59
     |
9063 | ...                   .replace_player_equipment(u64::from(character.id),
 &equipment)
     |                                                 ^^^^^^^^^^^^^^^^^^^^^^^ 
help: consider removing `u64::from()`: `character.id`
     |
     = help: for further information visit https://rust-lang.github.io/rust-cli
ppy/rust-1.97.0/index.html#useless_conversion

warning: useless conversion to the same type: `u64`
    --> crates\forgotten-host\src\lib.rs:9077:60
     |
9077 | ...                   .replace_player_containers(u64::from(character.id)
, &containers)
     |                                                  ^^^^^^^^^^^^^^^^^^^^^^^
 help: consider removing `u64::from()`: `character.id`
     |
     = help: for further information visit https://rust-lang.github.io/rust-cli
ppy/rust-1.97.0/index.html#useless_conversion

warning: useless conversion to the same type: `u16`
    --> crates\forgotten-host\src\lib.rs:9104:25
     |
9104 |                         u16::from(vitals.health.min(u16::MAX)),
     |                         ^^^^^^^^^^^^^^^^^^^^^^^^^^^^^^^^^^^^^^ help: con
sider removing `u16::from()`: `vitals.health.min(u16::MAX)`
     |
     = help: for further information visit https://rust-lang.github.io/rust-cli
ppy/rust-1.97.0/index.html#useless_conversion

warning: `vitals.health` is never greater than `u16::MAX` and has therefore no 
effect
    --> crates\forgotten-host\src\lib.rs:9104:35
     |
9104 |                         u16::from(vitals.health.min(u16::MAX)),
     |                                   ^^^^^^^^^^^^^^^^^^^^^^^^^^^ help: try:
 `vitals.health`
     |
     = help: for further information visit https://rust-lang.github.io/rust-cli
ppy/rust-1.97.0/index.html#unnecessary_min_or_max

warning: useless conversion to the same type: `u16`
    --> crates\forgotten-host\src\lib.rs:9105:25
     |
9105 |                         u16::from(vitals.max_health),
     |                         ^^^^^^^^^^^^^^^^^^^^^^^^^^^^ help: consider remo
ving `u16::from()`: `vitals.max_health`
     |
     = help: for further information visit https://rust-lang.github.io/rust-cli
ppy/rust-1.97.0/index.html#useless_conversion

warning: unnecessary map of the identity function
    --> crates\forgotten-host\src\lib.rs:9148:32
     |
9148 |                           .iter()
     |  ________________________________^
9149 | |                         .map(|(id, container)| (id, container))
     | |_______________________________________________________________^ help: 
remove the call to `map`
     |
     = help: for further information visit https://rust-lang.github.io/rust-cli
ppy/rust-1.97.0/index.html#map_identity
     = note: `#[warn(clippy::map_identity)]` on by default

warning: useless conversion to the same type: `u64`
    --> crates\forgotten-host\src\lib.rs:9618:44
     |
9618 | ...                   .player_quests(u64::from(character.id))
     |                                      ^^^^^^^^^^^^^^^^^^^^^^^ help: consi
der removing `u64::from()`: `character.id`
     |
     = help: for further information visit https://rust-lang.github.io/rust-cli
ppy/rust-1.97.0/index.html#useless_conversion

warning: useless conversion to the same type: `u64`
    --> crates\forgotten-host\src\lib.rs:9654:44
     |
9654 | ...                   .player_quests(u64::from(character.id))
     |                                      ^^^^^^^^^^^^^^^^^^^^^^^ help: consi
der removing `u64::from()`: `character.id`
     |
     = help: for further information visit https://rust-lang.github.io/rust-cli
ppy/rust-1.97.0/index.html#useless_conversion

warning: `forgotten-host` (lib) generated 13 warnings (run `cargo clippy --fix 
--lib -p forgotten-host -- ` to apply 11 suggestions)
    Checking forgotten-engine-cli v7.4.44 (C:\Users\Acer\Desktop\Forgotten Engi
ne\repo\crates\forgotten-engine-cli)
warning: `forgotten-host` (lib test) generated 13 warnings (13 duplicates)
    Finished `dev` profile [unoptimized + debuginfo] target(s) in 17.11s
